[2025-01-18T05:56:03.745+0000][gc] Using G1
[2025-01-18T05:56:03.863+0000][gc,init] Version: 17.0.10+7-Debian-1deb12u1 (release)
[2025-01-18T05:56:03.863+0000][gc,init] CPUs: 16 total, 16 available
[2025-01-18T05:56:03.863+0000][gc,init] Memory: 15380M
[2025-01-18T05:56:03.863+0000][gc,init] Large Page Support: Disabled
[2025-01-18T05:56:03.863+0000][gc,init] NUMA Support: Disabled
[2025-01-18T05:56:03.863+0000][gc,init] Compressed Oops: Enabled (32-bit)
[2025-01-18T05:56:03.863+0000][gc,init] Heap Region Size: 1M
[2025-01-18T05:56:03.863+0000][gc,init] Heap Min Capacity: 1G
[2025-01-18T05:56:03.863+0000][gc,init] Heap Initial Capacity: 1G
[2025-01-18T05:56:03.863+0000][gc,init] Heap Max Capacity: 1G
[2025-01-18T05:56:03.863+0000][gc,init] Pre-touch: Disabled
[2025-01-18T05:56:03.863+0000][gc,init] Parallel Workers: 13
[2025-01-18T05:56:03.863+0000][gc,init] Concurrent Workers: 3
[2025-01-18T05:56:03.863+0000][gc,init] Concurrent Refinement Workers: 13
[2025-01-18T05:56:03.863+0000][gc,init] Periodic GC: Disabled
[2025-01-18T05:56:03.876+0000][gc,metaspace] CDS archive(s) mapped at: [0x00007f0bbb000000-0x00007f0bbbbc7000-0x00007f0bbbbc7000), size 12349440, SharedBaseAddress: 0x00007f0bbb000000, ArchiveRelocationMode: 1.
[2025-01-18T05:56:03.876+0000][gc,metaspace] Compressed class space mapped at: 0x00007f0bbc000000-0x00007f0bfc000000, reserved size: 1073741824
[2025-01-18T05:56:03.876+0000][gc,metaspace] Narrow klass base: 0x00007f0bbb000000, Narrow klass shift: 0, Narrow klass range: 0x100000000
[2025-01-18T05:56:04.812+0000][gc,start    ] GC(0) Pause Young (Normal) (G1 Evacuation Pause)
[2025-01-18T05:56:04.813+0000][gc,task     ] GC(0) Using 13 workers of 13 for evacuation
[2025-01-18T05:56:04.841+0000][gc,mmu      ] GC(0) MMU target violated: 21.0ms (20.0ms/21.0ms)
[2025-01-18T05:56:04.841+0000][gc,phases   ] GC(0)   Pre Evacuate Collection Set: 0.1ms
[2025-01-18T05:56:04.841+0000][gc,phases   ] GC(0)   Merge Heap Roots: 0.1ms
[2025-01-18T05:56:04.841+0000][gc,phases   ] GC(0)   Evacuate Collection Set: 27.1ms
[2025-01-18T05:56:04.841+0000][gc,phases   ] GC(0)   Post Evacuate Collection Set: 0.9ms
[2025-01-18T05:56:04.841+0000][gc,phases   ] GC(0)   Other: 0.8ms
[2025-01-18T05:56:04.841+0000][gc,heap     ] GC(0) Eden regions: 51->0(44)
[2025-01-18T05:56:04.841+0000][gc,heap     ] GC(0) Survivor regions: 0->7(7)
[2025-01-18T05:56:04.841+0000][gc,heap     ] GC(0) Old regions: 0->1
[2025-01-18T05:56:04.841+0000][gc,heap     ] GC(0) Archive regions: 2->2
[2025-01-18T05:56:04.841+0000][gc,heap     ] GC(0) Humongous regions: 0->0
[2025-01-18T05:56:04.841+0000][gc,metaspace] GC(0) Metaspace: 18777K(19072K)->18777K(19072K) NonClass: 16565K(16704K)->16565K(16704K) Class: 2211K(2368K)->2211K(2368K)
[2025-01-18T05:56:04.841+0000][gc          ] GC(0) Pause Young (Normal) (G1 Evacuation Pause) 51M->8M(1024M) 29.093ms
[2025-01-18T05:56:04.841+0000][gc,cpu      ] GC(0) User=0.01s Sys=0.32s Real=0.03s
[2025-01-18T05:56:05.006+0000][gc,start    ] GC(1) Pause Young (Concurrent Start) (Metadata GC Threshold)
[2025-01-18T05:56:05.006+0000][gc,task     ] GC(1) Using 13 workers of 13 for evacuation
[2025-01-18T05:56:05.032+0000][gc,mmu      ] GC(1) MMU target violated: 21.0ms (20.0ms/21.0ms)
[2025-01-18T05:56:05.032+0000][gc,phases   ] GC(1)   Pre Evacuate Collection Set: 0.1ms
[2025-01-18T05:56:05.032+0000][gc,phases   ] GC(1)   Merge Heap Roots: 0.1ms
[2025-01-18T05:56:05.032+0000][gc,phases   ] GC(1)   Evacuate Collection Set: 24.4ms
[2025-01-18T05:56:05.032+0000][gc,phases   ] GC(1)   Post Evacuate Collection Set: 0.7ms
[2025-01-18T05:56:05.032+0000][gc,phases   ] GC(1)   Other: 0.2ms
[2025-01-18T05:56:05.032+0000][gc,heap     ] GC(1) Eden regions: 11->0(49)
[2025-01-18T05:56:05.032+0000][gc,heap     ] GC(1) Survivor regions: 7->2(7)
[2025-01-18T05:56:05.032+0000][gc,heap     ] GC(1) Old regions: 1->8
[2025-01-18T05:56:05.032+0000][gc,heap     ] GC(1) Archive regions: 2->2
[2025-01-18T05:56:05.032+0000][gc,heap     ] GC(1) Humongous regions: 129->129
[2025-01-18T05:56:05.032+0000][gc,metaspace] GC(1) Metaspace: 21295K(21504K)->21295K(21504K) NonClass: 18752K(18816K)->18752K(18816K) Class: 2542K(2688K)->2542K(2688K)
[2025-01-18T05:56:05.032+0000][gc          ] GC(1) Pause Young (Concurrent Start) (Metadata GC Threshold) 148M->139M(1024M) 25.534ms
[2025-01-18T05:56:05.032+0000][gc,cpu      ] GC(1) User=0.08s Sys=0.22s Real=0.02s
[2025-01-18T05:56:05.032+0000][gc          ] GC(2) Concurrent Mark Cycle
[2025-01-18T05:56:05.032+0000][gc,marking  ] GC(2) Concurrent Clear Claimed Marks
[2025-01-18T05:56:05.032+0000][gc,marking  ] GC(2) Concurrent Clear Claimed Marks 0.024ms
[2025-01-18T05:56:05.032+0000][gc,marking  ] GC(2) Concurrent Scan Root Regions
[2025-01-18T05:56:05.033+0000][gc,marking  ] GC(2) Concurrent Scan Root Regions 1.323ms
[2025-01-18T05:56:05.033+0000][gc,marking  ] GC(2) Concurrent Mark
[2025-01-18T05:56:05.033+0000][gc,marking  ] GC(2) Concurrent Mark From Roots
[2025-01-18T05:56:05.033+0000][gc,task     ] GC(2) Using 3 workers of 3 for marking
[2025-01-18T05:56:05.034+0000][gc,marking  ] GC(2) Concurrent Mark From Roots 0.887ms
[2025-01-18T05:56:05.034+0000][gc,marking  ] GC(2) Concurrent Preclean
[2025-01-18T05:56:05.034+0000][gc,marking  ] GC(2) Concurrent Preclean 0.065ms
[2025-01-18T05:56:05.034+0000][gc,start    ] GC(2) Pause Remark
[2025-01-18T05:56:05.035+0000][gc          ] GC(2) Pause Remark 139M->139M(1024M) 1.104ms
[2025-01-18T05:56:05.035+0000][gc,cpu      ] GC(2) User=0.00s Sys=0.01s Real=0.00s
[2025-01-18T05:56:05.035+0000][gc,marking  ] GC(2) Concurrent Mark 2.247ms
[2025-01-18T05:56:05.035+0000][gc,marking  ] GC(2) Concurrent Rebuild Remembered Sets
[2025-01-18T05:56:05.037+0000][gc,marking  ] GC(2) Concurrent Rebuild Remembered Sets 1.602ms
[2025-01-18T05:56:05.037+0000][gc,start    ] GC(2) Pause Cleanup
[2025-01-18T05:56:05.037+0000][gc          ] GC(2) Pause Cleanup 139M->139M(1024M) 0.092ms
[2025-01-18T05:56:05.037+0000][gc,cpu      ] GC(2) User=0.00s Sys=0.00s Real=0.00s
[2025-01-18T05:56:05.037+0000][gc,marking  ] GC(2) Concurrent Cleanup for Next Mark
[2025-01-18T05:56:05.040+0000][gc,marking  ] GC(2) Concurrent Cleanup for Next Mark 2.655ms
[2025-01-18T05:56:05.040+0000][gc          ] GC(2) Concurrent Mark Cycle 8.254ms
[2025-01-18T05:56:05.524+0000][gc,start    ] GC(3) Pause Young (Normal) (G1 Evacuation Pause)
[2025-01-18T05:56:05.524+0000][gc,task     ] GC(3) Using 13 workers of 13 for evacuation
[2025-01-18T05:56:05.527+0000][gc,phases   ] GC(3)   Pre Evacuate Collection Set: 0.1ms
[2025-01-18T05:56:05.527+0000][gc,phases   ] GC(3)   Merge Heap Roots: 0.1ms
[2025-01-18T05:56:05.527+0000][gc,phases   ] GC(3)   Evacuate Collection Set: 2.4ms
[2025-01-18T05:56:05.527+0000][gc,phases   ] GC(3)   Post Evacuate Collection Set: 0.7ms
[2025-01-18T05:56:05.527+0000][gc,phases   ] GC(3)   Other: 0.2ms
[2025-01-18T05:56:05.527+0000][gc,heap     ] GC(3) Eden regions: 49->0(45)
[2025-01-18T05:56:05.527+0000][gc,heap     ] GC(3) Survivor regions: 2->6(7)
[2025-01-18T05:56:05.527+0000][gc,heap     ] GC(3) Old regions: 8->8
[2025-01-18T05:56:05.527+0000][gc,heap     ] GC(3) Archive regions: 2->2
[2025-01-18T05:56:05.527+0000][gc,heap     ] GC(3) Humongous regions: 129->129
[2025-01-18T05:56:05.527+0000][gc,metaspace] GC(3) Metaspace: 32602K(32832K)->32602K(32832K) NonClass: 28985K(29120K)->28985K(29120K) Class: 3616K(3712K)->3616K(3712K)
[2025-01-18T05:56:05.527+0000][gc          ] GC(3) Pause Young (Normal) (G1 Evacuation Pause) 188M->143M(1024M) 3.573ms
[2025-01-18T05:56:05.527+0000][gc,cpu      ] GC(3) User=0.04s Sys=0.00s Real=0.00s
