[2025-01-18T05:55:54.773+0000][gc] Using G1
[2025-01-18T05:55:54.777+0000][gc,init] Version: 17.0.10+7-Debian-1deb12u1 (release)
[2025-01-18T05:55:54.777+0000][gc,init] CPUs: 16 total, 16 available
[2025-01-18T05:55:54.777+0000][gc,init] Memory: 15380M
[2025-01-18T05:55:54.777+0000][gc,init] Large Page Support: Disabled
[2025-01-18T05:55:54.777+0000][gc,init] NUMA Support: Disabled
[2025-01-18T05:55:54.777+0000][gc,init] Compressed Oops: Enabled (32-bit)
[2025-01-18T05:55:54.777+0000][gc,init] Heap Region Size: 1M
[2025-01-18T05:55:54.777+0000][gc,init] Heap Min Capacity: 512M
[2025-01-18T05:55:54.777+0000][gc,init] Heap Initial Capacity: 512M
[2025-01-18T05:55:54.777+0000][gc,init] Heap Max Capacity: 512M
[2025-01-18T05:55:54.777+0000][gc,init] Pre-touch: Disabled
[2025-01-18T05:55:54.777+0000][gc,init] Parallel Workers: 13
[2025-01-18T05:55:54.777+0000][gc,init] Concurrent Workers: 3
[2025-01-18T05:55:54.777+0000][gc,init] Concurrent Refinement Workers: 13
[2025-01-18T05:55:54.777+0000][gc,init] Periodic GC: Disabled
[2025-01-18T05:55:54.782+0000][gc,metaspace] CDS archive(s) mapped at: [0x00007f772b000000-0x00007f772bbc7000-0x00007f772bbc7000), size 12349440, SharedBaseAddress: 0x00007f772b000000, ArchiveRelocationMode: 1.
[2025-01-18T05:55:54.782+0000][gc,metaspace] Compressed class space mapped at: 0x00007f772c000000-0x00007f776c000000, reserved size: 1073741824
[2025-01-18T05:55:54.782+0000][gc,metaspace] Narrow klass base: 0x00007f772b000000, Narrow klass shift: 0, Narrow klass range: 0x100000000
[2025-01-18T05:56:04.620+0000][gc,start    ] GC(0) Pause Young (Normal) (G1 Evacuation Pause)
[2025-01-18T05:56:04.620+0000][gc,task     ] GC(0) Using 12 workers of 13 for evacuation
[2025-01-18T05:56:04.643+0000][gc,mmu      ] GC(0) MMU target violated: 21.0ms (20.0ms/21.0ms)
[2025-01-18T05:56:04.643+0000][gc,phases   ] GC(0)   Pre Evacuate Collection Set: 0.1ms
[2025-01-18T05:56:04.643+0000][gc,phases   ] GC(0)   Merge Heap Roots: 0.1ms
[2025-01-18T05:56:04.643+0000][gc,phases   ] GC(0)   Evacuate Collection Set: 21.4ms
[2025-01-18T05:56:04.643+0000][gc,phases   ] GC(0)   Post Evacuate Collection Set: 0.7ms
[2025-01-18T05:56:04.643+0000][gc,phases   ] GC(0)   Other: 0.9ms
[2025-01-18T05:56:04.643+0000][gc,heap     ] GC(0) Eden regions: 25->0(21)
[2025-01-18T05:56:04.643+0000][gc,heap     ] GC(0) Survivor regions: 0->4(4)
[2025-01-18T05:56:04.643+0000][gc,heap     ] GC(0) Old regions: 0->4
[2025-01-18T05:56:04.643+0000][gc,heap     ] GC(0) Archive regions: 2->2
[2025-01-18T05:56:04.643+0000][gc,heap     ] GC(0) Humongous regions: 0->0
[2025-01-18T05:56:04.643+0000][gc,metaspace] GC(0) Metaspace: 8196K(8384K)->8196K(8384K) NonClass: 7283K(7360K)->7283K(7360K) Class: 913K(1024K)->913K(1024K)
[2025-01-18T05:56:04.643+0000][gc          ] GC(0) Pause Young (Normal) (G1 Evacuation Pause) 25M->8M(512M) 23.255ms
[2025-01-18T05:56:04.643+0000][gc,cpu      ] GC(0) User=0.03s Sys=0.17s Real=0.03s
